Microchip MPLAB XC8 Compiler V2.45

Linker command line:

-W-3 \
  --edf=C:\Program Files\Microchip\xc8\v2.45\pic\dat\20230818022343_en.msgs \
  -cn -h+dist/default/production\code.X.production.sym \
  --cmf=dist/default/production\code.X.production.cmf -z -Q16F877A \
  -oC:\Users\FiX-DEll\AppData\Local\Temp\xcAs2i0.\driver_tmp_3.o \
  --defsym=__MPLAB_BUILD=1 --fixupoverflow=error \
  -Mdist/default/production/code.X.production.map \
  --md=C:\Users\FiX-DEll\AppData\Local\Temp\xcAs2i0.\driver_tmp_0.dat -E1 \
  -ver=XC8 Compiler --acfsm=1493 -ACODE=00h-07FFhx4 -ASTRCODE=00h-01FFFh \
  -ASTRING=00h-0FFhx32 -ACONST=00h-0FFhx32 -AENTRY=00h-0FFhx32 \
  -ACOMMON=070h-07Fh -ABANK0=020h-06Fh -ABANK1=0A0h-0EFh \
  -ABANK2=0110h-016Fh -ABANK3=0190h-01EFh \
  -ARAM=020h-06Fh,0A0h-0EFh,0110h-016Fh,0190h-01EFh \
  -AABS1=020h-07Fh,0A0h-0EFh,0110h-016Fh,0190h-01EFh -ASFR0=00h-01Fh \
  -ASFR1=080h-09Fh -ASFR2=0100h-010Fh -ASFR3=0180h-018Fh \
  -ACONFIG=02007h-02007h -DCONFIG=2 -AIDLOC=02000h-02003h -DIDLOC=2 \
  -AEEDATA=00h-0FFh/02100h -peeprom_data=EEDATA -DEEDATA=2 -DCODE=2 \
  -DSTRCODE=2 -DSTRING=2 -DCONST=2 -DENTRY=2 \
  -preset_vec=00h,intentry,init,end_init -ppowerup=CODE -pcinit=CODE \
  -pfunctab=ENTRY -k \
  C:\Users\FiX-DEll\AppData\Local\Temp\xcAs2i0.\driver_tmp_12.o \
  dist/default/production\code.X.production.o 

Object code version is 3.11

Machine type is 16F877A



                Name                               Link     Load   Length Selector   Space Scale
C:\Users\FiX-DEll\AppData\Local\Temp\xcAs2i0.\driver_tmp_12.o
                end_init                              0        0        3        0       0
                config                             2007     2007        1        0       4
dist/default/production\code.X.production.o
                cinit                               7D1      7D1       2F      FA2       0
                config                             2007     2007        1        0       4
                text27                              E31      E31      1CF     1C62       0
                text26                              809      809       67     1012       0
                text25                              A5F      A5F       A2     14BE       0
                text24                             1544     1544       27     2A88       0
                text23                              48C      48C      345      918       0
                text22                              234      234      258      468       0
                text21                             1520     1520       24     2A40       0
                text20                              870      870       76     10E0       0
                text19                             156B     156B       29     2AD6       0
                text18                             14DA     14DA       23     29B4       0
                text17                              B01      B01       BA     1602       0
                text16                              C88      C88      1A9     1910       0
                text15                             1670     1670       4A     2CE0       0
                text14                              8E6      8E6       7B     11CC       0
                text13                              961      961       7D     12C2       0
                text12                              9DE      9DE       81     13BC       0
                text11                             15C5     15C5       34     2B8A       0
                text10                             1633     1633       3D     2C66       0
                text9                              14FD     14FD       23     29FA       0
                text8                              1708     1708       4F     2E10       0
                text7                              16BA     16BA       4E     2D74       0
                text6                               BBB      BBB       CD     1776       0
                text5                              15F9     15F9       3A     2BF2       0
                text4                              17A6     17A6       5A     2F4C       0
                text3                              1757     1757       4F     2EAE       0
                text2                              1594     1594       31     2B28       0
                text1                                 4        4       47        8       0
                maintext                             4B       4B      1E9       96       0
                cstackBANK0                          20       20       3C       20       1
                cstackCOMMON                         70       70        E       70       1
                clrtext                             801      801        8     1002       0
                inittext                           14AB     14AB       13     2956       0
                dataBANK1                            A0       A0       1C       A0       1
                bssBANK1                             BC       BC        B       A0       1
                dataBANK0                            6A       6A        6       20       1
                bssBANK0                             5C       5C        E       20       1
                strings                            1000     1000       2E     2000       0
                idataBANK1                         14BE     14BE       1C     297C       0
                idataBANK0                         14A5     14A5        6     294A       0

TOTAL           Name                               Link     Load   Length     Space
        CLASS   CODE           
                end_init                              0        0        3         0
                cinit                               7D1      7D1       2F         0
                text27                              E31      E31      1CF         0
                text26                              809      809       67         0
                text25                              A5F      A5F       A2         0
                text24                             1544     1544       27         0
                text23                              48C      48C      345         0
                text22                              234      234      258         0
                text21                             1520     1520       24         0
                text20                              870      870       76         0
                text19                             156B     156B       29         0
                text18                             14DA     14DA       23         0
                text17                              B01      B01       BA         0
                text16                              C88      C88      1A9         0
                text15                             1670     1670       4A         0
                text14                              8E6      8E6       7B         0
                text13                              961      961       7D         0
                text12                              9DE      9DE       81         0
                text11                             15C5     15C5       34         0
                text10                             1633     1633       3D         0
                text9                              14FD     14FD       23         0
                text8                              1708     1708       4F         0
                text7                              16BA     16BA       4E         0
                text6                               BBB      BBB       CD         0
                text5                              15F9     15F9       3A         0
                text4                              17A6     17A6       5A         0
                text3                              1757     1757       4F         0
                text2                              1594     1594       31         0
                text1                                 4        4       47         0
                maintext                             4B       4B      1E9         0
                clrtext                             801      801        8         0
                inittext                           14AB     14AB       13         0
                idataBANK1                         14BE     14BE       1C         0
                idataBANK0                         14A5     14A5        6         0

        CLASS   STRCODE        

        CLASS   STRING         
                strings                            1000     1000       2E         0

        CLASS   CONST          

        CLASS   ENTRY          

        CLASS   COMMON         
                cstackCOMMON                         70       70        E         1

        CLASS   BANK0          
                cstackBANK0                          20       20       3C         1
                dataBANK0                            6A       6A        6         1
                bssBANK0                             5C       5C        E         1

        CLASS   BANK1          
                dataBANK1                            A0       A0       1C         1
                bssBANK1                             BC       BC        B         1

        CLASS   BANK2          

        CLASS   BANK3          

        CLASS   RAM            

        CLASS   ABS1           
                abs_s1                               7E       7E        2         1

        CLASS   SFR0           

        CLASS   SFR1           

        CLASS   SFR2           

        CLASS   SFR3           

        CLASS   CONFIG         
                config                             2007     2007        1         4

        CLASS   IDLOC          

        CLASS   EEDATA         

        CLASS   HEAP           

        CLASS   STACK          



SEGMENTS        Name                           Load    Length   Top    Selector   Space  Class     Delta

                reset_vec                      000000  000003  000003         0       0  CODE        2
                text1                          000004  000047  00004B         8       0  CODE        2
                cstackBANK0                    000020  000050  000070        20       1  BANK0       1
                cstackCOMMON                   000070  00000E  00007E        70       1  COMMON      1
                maintext                       00004B  0001E9  000234        96       0  CODE        2
                dataBANK1                      0000A0  000027  0000C7        A0       1  BANK1       1
                text22                         000234  000258  00048C       468       0  CODE        2
                text23                         00048C  000345  0007D1       918       0  CODE        2
                cinit                          0007D1  00002F  000800       FA2       0  CODE        2
                clrtext                        000801  000008  000809      1002       0  CODE        2
                text26                         000809  000067  000870      1012       0  CODE        2
                text20                         000870  000076  0008E6      10E0       0  CODE        2
                text14                         0008E6  00007B  000961      11CC       0  CODE        2
                text13                         000961  00007D  0009DE      12C2       0  CODE        2
                text12                         0009DE  000081  000A5F      13BC       0  CODE        2
                text25                         000A5F  0000A2  000B01      14BE       0  CODE        2
                text17                         000B01  0000BA  000BBB      1602       0  CODE        2
                text6                          000BBB  0000CD  000C88      1776       0  CODE        2
                text16                         000C88  0001A9  000E31      1910       0  CODE        2
                text27                         000E31  0001CF  001000      1C62       0  CODE        2
                strings                        001000  00002E  00102E      2000       0  STRING      2
                idataBANK0                     0014A5  000006  0014AB      294A       0  CODE        2
                inittext                       0014AB  000013  0014BE      2956       0  CODE        2
                idataBANK1                     0014BE  00001C  0014DA      297C       0  CODE        2
                text18                         0014DA  000023  0014FD      29B4       0  CODE        2
                text9                          0014FD  000023  001520      29FA       0  CODE        2
                text21                         001520  000024  001544      2A40       0  CODE        2
                text24                         001544  000027  00156B      2A88       0  CODE        2
                text19                         00156B  000029  001594      2AD6       0  CODE        2
                text2                          001594  000031  0015C5      2B28       0  CODE        2
                text11                         0015C5  000034  0015F9      2B8A       0  CODE        2
                text5                          0015F9  00003A  001633      2BF2       0  CODE        2
                text10                         001633  00003D  001670      2C66       0  CODE        2
                text15                         001670  00004A  0016BA      2CE0       0  CODE        2
                text7                          0016BA  00004E  001708      2D74       0  CODE        2
                text8                          001708  00004F  001757      2E10       0  CODE        2
                text3                          001757  00004F  0017A6      2EAE       0  CODE        2
                text4                          0017A6  00005A  001800      2F4C       0  CODE        2


UNUSED ADDRESS RANGES

        Name                Unused          Largest block    Delta
        BANK1            00C7-00EF             29           1
        BANK2            0110-016F             60           1
        BANK3            0190-01EF             60           1
        CODE             0003-0003              1           2
                         0800-0800              1
                         102E-14A4            477
                         1800-1FFF            800
        CONST            0003-0003              1           2
                         0800-0800              1
                         102E-14A4            100
                         1800-1FFF            100
        EEDATA           2100-21FF            100           2
        ENTRY            0003-0003              1           2
                         0800-0800              1
                         102E-14A4            100
                         1800-1FFF            100
        IDLOC            2000-2003              4           2
        RAM              00C7-00EF             29           1
                         0110-016F             60
                         0190-01EF             60
        SFR0             0000-001F             20           1
        SFR1             0080-009F             20           1
        SFR2             0100-010F             10           1
        SFR3             0180-018F             10           1
        STRCODE          0003-0003              1           2
                         0800-0800              1
                         102E-14A4            477
                         1800-1FFF            800
        STRING           0003-0003              1           2
                         0800-0800              1
                         102E-14A4            100
                         1800-1FFF            100

                                  Symbol Table

?__Umul8_16                              cstackCOMMON 0070
?___awdiv                                cstackCOMMON 0070
?___fladd                                cstackBANK0  002A
?___fldiv                                cstackBANK0  002A
?___flmul                                cstackBANK0  002A
?___flsub                                cstackBANK0  003E
?___fltol                                cstackCOMMON 0070
?___xxtofl                               cstackCOMMON 007A
_PORTA                                   (abs)        0005
_PORTB                                   (abs)        0006
_PORTC                                   (abs)        0007
_PORTD                                   (abs)        0008
_PORTE                                   (abs)        0009
_TRISA                                   (abs)        0085
_TRISB                                   (abs)        0086
_TRISC                                   (abs)        0087
_TRISD                                   (abs)        0088
_TRISE                                   (abs)        0089
__H__absolute__                          __absolute__ 0000
__Habs1                                  abs1         0000
__Hbank0                                 bank0        0000
__Hbank1                                 bank1        0000
__Hbank2                                 bank2        0000
__Hbank3                                 bank3        0000
__HbssBANK0                              bssBANK0     0000
__HbssBANK1                              bssBANK1     0000
__Hcinit                                 cinit        0800
__Hclrtext                               clrtext      0000
__Hcode                                  code         0000
__Hcommon                                common       0000
__Hconfig                                config       2008
__HcstackBANK0                           cstackBANK0  0000
__HcstackCOMMON                          cstackCOMMON 0000
__HdataBANK0                             dataBANK0    0000
__HdataBANK1                             dataBANK1    0000
__Heeprom_data                           eeprom_data  0000
__Hend_init                              end_init     0003
__Hfunctab                               functab      0000
__Hheap                                  heap         0000
__HidataBANK0                            idataBANK0   0000
__HidataBANK1                            idataBANK1   0000
__Hinit                                  init         0000
__Hinittext                              inittext     0000
__Hintentry                              intentry     0000
__Hmaintext                              maintext     0000
__Hpowerup                               powerup      0000
__Hram                                   ram          0000
__Hreset_vec                             reset_vec    0000
__Hsfr0                                  sfr0         0000
__Hsfr1                                  sfr1         0000
__Hsfr2                                  sfr2         0000
__Hsfr3                                  sfr3         0000
__Hspace_0                               (abs)        1800
__Hspace_1                               (abs)        00C7
__Hspace_2                               (abs)        0000
__Hspace_3                               (abs)        0000
__Hspace_4                               (abs)        400F
__Hstack                                 stack        0000
__Hstrings                               strings      0000
__Htext                                  text         0000
__L__absolute__                          __absolute__ 0000
__Labs1                                  abs1         0000
__Lbank0                                 bank0        0000
__Lbank1                                 bank1        0000
__Lbank2                                 bank2        0000
__Lbank3                                 bank3        0000
__LbssBANK0                              bssBANK0     0000
__LbssBANK1                              bssBANK1     0000
__Lcinit                                 cinit        07D1
__Lclrtext                               clrtext      0000
__Lcode                                  code         0000
__Lcommon                                common       0000
__Lconfig                                config       0000
__LcstackBANK0                           cstackBANK0  0000
__LcstackCOMMON                          cstackCOMMON 0000
__LdataBANK0                             dataBANK0    0000
__LdataBANK1                             dataBANK1    0000
__Leeprom_data                           eeprom_data  0000
__Lend_init                              end_init     0000
__Lfunctab                               functab      0000
__Lheap                                  heap         0000
__LidataBANK0                            idataBANK0   0000
__LidataBANK1                            idataBANK1   0000
__Linit                                  init         0000
__Linittext                              inittext     0000
__Lintentry                              intentry     0000
__Lmaintext                              maintext     0000
__Lpowerup                               powerup      0000
__Lram                                   ram          0000
__Lreset_vec                             reset_vec    0000
__Lsfr0                                  sfr0         0000
__Lsfr1                                  sfr1         0000
__Lsfr2                                  sfr2         0000
__Lsfr3                                  sfr3         0000
__Lspace_0                               (abs)        0000
__Lspace_1                               (abs)        0000
__Lspace_2                               (abs)        0000
__Lspace_3                               (abs)        0000
__Lspace_4                               (abs)        0000
__Lstack                                 stack        0000
__Lstrings                               strings      0000
__Ltext                                  text         0000
__S0                                     (abs)        1800
__S1                                     (abs)        00C7
__S3                                     (abs)        0000
__Umul8_16                               text24       1544
__Umul8_16@multiplicand                  cstackCOMMON 0070
__Umul8_16@multiplier                    cstackCOMMON 0078
__Umul8_16@product                       cstackCOMMON 0074
__Umul8_16@word_mpld                     cstackCOMMON 0076
___awdiv                                 text26       0809
___awdiv@counter                         cstackCOMMON 0074
___awdiv@dividend                        cstackCOMMON 0072
___awdiv@divisor                         cstackCOMMON 0070
___awdiv@quotient                        cstackCOMMON 0076
___awdiv@sign                            cstackCOMMON 0075
___fladd                                 text22       0234
___fladd@a                               cstackBANK0  002E
___fladd@aexp                            cstackBANK0  003B
___fladd@b                               cstackBANK0  002A
___fladd@bexp                            cstackBANK0  003C
___fladd@grs                             cstackBANK0  003D
___fladd@signs                           cstackBANK0  003A
___fldiv                                 text27       0E31
___fldiv@a                               cstackBANK0  002A
___fldiv@aexp                            cstackBANK0  0043
___fldiv@b                               cstackBANK0  002E
___fldiv@bexp                            cstackBANK0  0042
___fldiv@grs                             cstackBANK0  003E
___fldiv@new_exp                         cstackBANK0  003C
___fldiv@rem                             cstackBANK0  0037
___fldiv@sign                            cstackBANK0  003B
___flge                                  text25       0A5F
___flge@ff1                              cstackCOMMON 0070
___flge@ff2                              cstackCOMMON 0074
___flmul                                 text23       048C
___flmul@a                               cstackBANK0  002E
___flmul@aexp                            cstackBANK0  0038
___flmul@b                               cstackBANK0  002A
___flmul@bexp                            cstackBANK0  003D
___flmul@grs                             cstackBANK0  0039
___flmul@prod                            cstackBANK0  003E
___flmul@sign                            cstackBANK0  0037
___flmul@temp                            cstackBANK0  0042
___flsub                                 text21       1520
___flsub@a                               cstackBANK0  003E
___flsub@b                               cstackBANK0  0042
___fltol                                 text20       0870
___fltol@exp1                            cstackCOMMON 0079
___fltol@f1                              cstackCOMMON 0070
___fltol@sign1                           cstackCOMMON 0078
___heap_hi                               (abs)        0000
___heap_lo                               (abs)        0000
___int_sp                                stack        0000
___int_stack_hi                          stack        0000
___int_stack_lo                          stack        0000
___latbits                               (abs)        0002
___lbdiv                                 text19       156B
___lbdiv@counter                         cstackCOMMON 0072
___lbdiv@dividend                        cstackCOMMON 0071
___lbdiv@divisor                         cstackCOMMON 0070
___lbdiv@quotient                        cstackCOMMON 0073
___lbmod                                 text18       14DA
___lbmod@counter                         cstackCOMMON 0074
___lbmod@dividend                        cstackCOMMON 0073
___lbmod@divisor                         cstackCOMMON 0070
___lbmod@rem                             cstackCOMMON 0075
___sp                                    stack        0000
___stack_hi                              stack        0000
___stack_lo                              stack        0000
___stackhi                               (abs)        0000
___stacklo                               (abs)        0000
___xxtofl                                text17       0B01
___xxtofl@arg                            cstackBANK0  0026
___xxtofl@exp                            cstackBANK0  0025
___xxtofl@sign                           cstackBANK0  0024
___xxtofl@val                            cstackCOMMON 007A
__end_of__Umul8_16                       text24       156B
__end_of___awdiv                         text26       0870
__end_of___fladd                         text22       048C
__end_of___fldiv                         text27       1000
__end_of___flge                          text25       0B01
__end_of___flmul                         text23       07D1
__end_of___flsub                         text21       1544
__end_of___fltol                         text20       08E6
__end_of___lbdiv                         text19       1594
__end_of___lbmod                         text18       14FD
__end_of___xxtofl                        text17       0BBB
__end_of__initialization                 cinit        07FC
__end_of__stringtab                      strings      1010
__end_of_convert_float_to_string         text16       0E31
__end_of_gpio_pin_initialize             text11       15F9
__end_of_gpio_pin_initialize_direction   text12       0A5F
__end_of_gpio_pin_read_logic             text15       16BA
__end_of_gpio_pin_write_logic            text14       0961
__end_of_keypad_btns                     strings      1020
__end_of_keypad_get_value                text13       09DE
__end_of_keypad_initialize               text10       1670
__end_of_lcd_4bit_initialize             text6        0C88
__end_of_lcd_4bit_send_char_data         text3        17A6
__end_of_lcd_4bit_send_char_data_pos     text4        1800
__end_of_lcd_4bit_send_command           text7        1708
__end_of_lcd_4bit_send_enable_signal     text9        1520
__end_of_lcd_4bit_send_string            text2        15C5
__end_of_lcd_4bit_send_string_pos        text1        004B
__end_of_lcd_4bit_set_cursor             text5        1633
__end_of_lcd_send_4bit                   text8        1757
__end_of_main                            maintext     0234
__initialization                         cinit        07D1
__pbssBANK0                              bssBANK0     005C
__pbssBANK1                              bssBANK1     00BC
__pcstackBANK0                           cstackBANK0  0020
__pcstackCOMMON                          cstackCOMMON 0070
__pdataBANK0                             dataBANK0    006A
__pdataBANK1                             dataBANK1    00A0
__pidataBANK0                            idataBANK0   14A5
__pidataBANK1                            idataBANK1   14BE
__pmaintext                              maintext     004B
__pstrings                               strings      1000
__ptext1                                 text1        0004
__ptext10                                text10       1633
__ptext11                                text11       15C5
__ptext12                                text12       09DE
__ptext13                                text13       0961
__ptext14                                text14       08E6
__ptext15                                text15       1670
__ptext16                                text16       0C88
__ptext17                                text17       0B01
__ptext18                                text18       14DA
__ptext19                                text19       156B
__ptext2                                 text2        1594
__ptext20                                text20       0870
__ptext21                                text21       1520
__ptext22                                text22       0234
__ptext23                                text23       048C
__ptext24                                text24       1544
__ptext25                                text25       0A5F
__ptext26                                text26       0809
__ptext27                                text27       0E31
__ptext3                                 text3        1757
__ptext4                                 text4        17A6
__ptext5                                 text5        15F9
__ptext6                                 text6        0BBB
__ptext7                                 text7        16BA
__ptext8                                 text8        1708
__ptext9                                 text9        14FD
__stringbase                             strings      100F
__stringtab                              strings      1000
_convert_float_to_string                 text16       0C88
_counter                                 bssBANK0     0064
_error_flag                              bssBANK0     0063
_exp                                     bssBANK0     0060
_gpio_pin_initialize                     text11       15C5
_gpio_pin_initialize_direction           text12       09DE
_gpio_pin_read_logic                     text15       1670
_gpio_pin_write_logic                    text14       08E6
_key_value                               bssBANK0     0069
_keypad1                                 dataBANK1    00B4
_keypad_btns                             strings      1010
_keypad_get_value                        text13       0961
_keypad_initialize                       text10       1633
_lcd1                                    dataBANK0    006A
_lcd_4bit_initialize                     text6        0BBB
_lcd_4bit_send_char_data                 text3        1757
_lcd_4bit_send_char_data_pos             text4        17A6
_lcd_4bit_send_command                   text7        16BA
_lcd_4bit_send_enable_signal             text9        14FD
_lcd_4bit_send_string                    text2        1594
_lcd_4bit_send_string_pos                text1        0004
_lcd_4bit_set_cursor                     text5        15F9
_lcd_send_4bit                           text8        1708
_main                                    maintext     004B
_port_registers                          dataBANK1    00A0
_res                                     bssBANK0     005C
_res_str                                 bssBANK1     00BC
_tris_registers                          dataBANK1    00AA
btemp                                    (abs)        007E
clear_ram0                               clrtext      0801
convert_float_to_string@ch               cstackBANK0  0057
convert_float_to_string@findone          cstackBANK0  004F
convert_float_to_string@fractional_part  cstackBANK0  0052
convert_float_to_string@i                cstackBANK0  0051
convert_float_to_string@index            cstackBANK0  0058
convert_float_to_string@integer_part     cstackBANK0  0050
convert_float_to_string@num              cstackBANK0  0046
convert_float_to_string@str              cstackBANK0  004A
convert_float_to_string@temp             cstackBANK0  0056
end_of_initialization                    cinit        07FC
gpio_pin_initialize@pin_config           cstackCOMMON 007B
gpio_pin_initialize@ret                  cstackCOMMON 007A
gpio_pin_initialize_direction@pin_config cstackCOMMON 0076
gpio_pin_initialize_direction@ret        cstackCOMMON 0075
gpio_pin_read_logic@logic                cstackCOMMON 0070
gpio_pin_read_logic@pin_config           cstackCOMMON 0077
gpio_pin_read_logic@ret                  cstackCOMMON 0076
gpio_pin_write_logic@logic               cstackCOMMON 0070
gpio_pin_write_logic@pin_config          cstackCOMMON 0077
gpio_pin_write_logic@ret                 cstackCOMMON 0076
init_fetch0                              inittext     14AB
init_ram0                                inittext     14AF
intlevel0                                functab      0000
intlevel1                                functab      0000
intlevel2                                functab      0000
intlevel3                                functab      0000
intlevel4                                functab      0000
intlevel5                                functab      0000
keypad_get_value@col_logic               cstackBANK0  0021
keypad_get_value@columns_counter         cstackBANK0  0024
keypad_get_value@counter                 cstackBANK0  0022
keypad_get_value@keypad                  cstackBANK0  0025
keypad_get_value@ret                     cstackBANK0  0020
keypad_get_value@row_counter             cstackBANK0  0023
keypad_get_value@value                   cstackCOMMON 0078
keypad_initialize@columns_counter        cstackBANK0  0022
keypad_initialize@keypad                 cstackBANK0  0023
keypad_initialize@ret                    cstackBANK0  0020
keypad_initialize@row_counter            cstackBANK0  0021
lcd_4bit_initialize@data_pins_counter    cstackBANK0  0025
lcd_4bit_initialize@lcd                  cstackBANK0  0027
lcd_4bit_initialize@ret                  cstackBANK0  0026
lcd_4bit_send_char_data@data             cstackBANK0  0020
lcd_4bit_send_char_data@lcd              cstackBANK0  0022
lcd_4bit_send_char_data@ret              cstackBANK0  0021
lcd_4bit_send_char_data_pos@column       cstackBANK0  002A
lcd_4bit_send_char_data_pos@data         cstackBANK0  002B
lcd_4bit_send_char_data_pos@lcd          cstackBANK0  002D
lcd_4bit_send_char_data_pos@ret          cstackBANK0  002C
lcd_4bit_send_char_data_pos@row          cstackBANK0  0029
lcd_4bit_send_command@command            cstackBANK0  0020
lcd_4bit_send_command@lcd                cstackBANK0  0022
lcd_4bit_send_command@ret                cstackBANK0  0021
lcd_4bit_send_enable_signal@lcd          cstackCOMMON 007A
lcd_4bit_send_enable_signal@ret          cstackCOMMON 0079
lcd_4bit_send_string@lcd                 cstackBANK0  0025
lcd_4bit_send_string@str                 cstackBANK0  0023
lcd_4bit_send_string@str_temp            cstackBANK0  0024
lcd_4bit_send_string_pos@column          cstackBANK0  002A
lcd_4bit_send_string_pos@lcd             cstackBANK0  002F
lcd_4bit_send_string_pos@row             cstackBANK0  0029
lcd_4bit_send_string_pos@str             cstackBANK0  002B
lcd_4bit_send_string_pos@str_temp        cstackBANK0  002D
lcd_4bit_set_cursor@column               cstackBANK0  0024
lcd_4bit_set_cursor@lcd                  cstackBANK0  0028
lcd_4bit_set_cursor@ret                  cstackBANK0  0027
lcd_4bit_set_cursor@row                  cstackBANK0  0023
lcd_send_4bit@_data_command              cstackCOMMON 0078
lcd_send_4bit@lcd                        cstackCOMMON 007B
lcd_send_4bit@ret                        cstackCOMMON 007A
led_intialize@F1578                      bssBANK0     0068
led_turn_off@F1583                       bssBANK0     0067
led_turn_on@F1588                        bssBANK0     0066
led_turn_toggle@F1593                    bssBANK0     0065
reset_vec                                reset_vec    0000
start                                    init         0000
start_initialization                     cinit        07D1
wtemp0                                   (abs)        007E


MODULE INFORMATION

Module		Function		Class		Link	Load	Size
MCAL_Layer/GPIO/gpio_hal.c
		_gpio_pin_initialize_direction		CODE           	09DE	0000	129
		_gpio_pin_write_logic		CODE           	08E6	0000	123
		_gpio_pin_read_logic		CODE           	1670	0000	74
		_gpio_pin_initialize		CODE           	15C5	0000	52

MCAL_Layer/GPIO/gpio_hal.c estimated size: 378

C:\Program Files\Microchip\xc8\v2.45\pic\sources\c99\common\lbdiv.c
		___lbdiv       		CODE           	156B	0000	41

C:\Program Files\Microchip\xc8\v2.45\pic\sources\c99\common\lbdiv.c estimated size: 41

C:\Program Files\Microchip\xc8\v2.45\pic\sources\c99\common\sprcmul.c
		___flmul       		CODE           	048C	0000	837

C:\Program Files\Microchip\xc8\v2.45\pic\sources\c99\common\sprcmul.c estimated size: 837

C:\Program Files\Microchip\xc8\v2.45\pic\sources\c99\common\sprcdiv.c
		___fldiv       		CODE           	0E31	0000	463

C:\Program Files\Microchip\xc8\v2.45\pic\sources\c99\common\sprcdiv.c estimated size: 463

C:\Program Files\Microchip\xc8\v2.45\pic\sources\c99\common\flge.c
		___flge        		CODE           	0A5F	0000	162

C:\Program Files\Microchip\xc8\v2.45\pic\sources\c99\common\flge.c estimated size: 162

shared
		__stringtab    		STRING         	1000	0000	16
		__initialization		CODE           	07D1	0000	43
		_keypad_btns   		STRING         	1010	0000	16

shared estimated size: 75

C:\Program Files\Microchip\xc8\v2.45\pic\sources\c99\common\xxtofl.c
		___xxtofl      		CODE           	0B01	0000	186

C:\Program Files\Microchip\xc8\v2.45\pic\sources\c99\common\xxtofl.c estimated size: 186

ECU/Chr_LCD/ecu_chr_lcd.c
		_convert_float_to_string		CODE           	0C88	0000	425
		_lcd_send_4bit 		CODE           	1708	0000	79
		_lcd_4bit_send_command		CODE           	16BA	0000	78
		_lcd_4bit_send_string_pos		CODE           	0004	0000	71
		_lcd_4bit_send_char_data		CODE           	1757	0000	79
		_lcd_4bit_send_char_data_pos		CODE           	17A6	0000	90
		_lcd_4bit_set_cursor		CODE           	15F9	0000	58
		_lcd_4bit_send_enable_signal		CODE           	14FD	0000	35
		_lcd_4bit_initialize		CODE           	0BBB	0000	205
		_lcd_4bit_send_string		CODE           	1594	0000	49

ECU/Chr_LCD/ecu_chr_lcd.c estimated size: 1169

C:\Program Files\Microchip\xc8\v2.45\pic\sources\c99\common\Umul8_16.c
		__Umul8_16     		CODE           	1544	0000	39

C:\Program Files\Microchip\xc8\v2.45\pic\sources\c99\common\Umul8_16.c estimated size: 39

C:\Program Files\Microchip\xc8\v2.45\pic\sources\c99\common\sprcadd.c
		___flsub       		CODE           	1520	0000	36
		___fladd       		CODE           	0234	0000	600

C:\Program Files\Microchip\xc8\v2.45\pic\sources\c99\common\sprcadd.c estimated size: 636

ECU/Keypad/ecu_keypad.c
		_keypad_get_value		CODE           	0961	0000	125
		_keypad_initialize		CODE           	1633	0000	61

ECU/Keypad/ecu_keypad.c estimated size: 186

application.c
		_main          		CODE           	004B	0000	489

application.c estimated size: 489

C:\Program Files\Microchip\xc8\v2.45\pic\sources\c99\common\awdiv.c
		___awdiv       		CODE           	0809	0000	103

C:\Program Files\Microchip\xc8\v2.45\pic\sources\c99\common\awdiv.c estimated size: 103

C:\Program Files\Microchip\xc8\v2.45\pic\sources\c99\common\fltol.c
		___fltol       		CODE           	0870	0000	118

C:\Program Files\Microchip\xc8\v2.45\pic\sources\c99\common\fltol.c estimated size: 118

C:\Program Files\Microchip\xc8\v2.45\pic\sources\c99\common\lbmod.c
		___lbmod       		CODE           	14DA	0000	35

C:\Program Files\Microchip\xc8\v2.45\pic\sources\c99\common\lbmod.c estimated size: 35

